============================= test session starts =============================
platform win32 -- Python 3.14.3, pytest-9.0.3, pluggy-1.6.0 -- C:\Users\Operador\AppData\Local\Python\pythoncore-3.14-64\python.exe
cachedir: .pytest_cache
rootdir: C:\Users\Operador\Desktop\Nico\cola-frames
plugins: anyio-4.13.0, Faker-40.12.0, requests-mock-1.12.1
collecting ... collected 17 items

test_phase2.py::TestGPUSupport::test_cuda_availability PASSED            [  5%]
test_phase2.py::TestGPUSupport::test_device_selection PASSED             [ 11%]
test_phase2.py::TestGPUSupport::test_gpu_memory_preallocation PASSED     [ 17%]
test_phase2.py::TestDetectionWorkers::test_yolo_vit_initialization PASSED [ 23%]
test_phase2.py::TestDetectionWorkers::test_frcnn_rtdetr_initialization PASSED [ 29%]
test_phase2.py::TestDetectionWorkers::test_yolo_vit_detection PASSED     [ 35%]
test_phase2.py::TestDetectionWorkers::test_frcnn_rtdetr_detection FAILED [ 41%]
test_phase2.py::TestDetectionWorkers::test_batch_detection PASSED        [ 47%]
test_phase2.py::TestConsensusVoting::test_iou_calculation PASSED         [ 52%]
test_phase2.py::TestConsensusVoting::test_consensus_matching PASSED      [ 58%]
test_phase2.py::TestConsensusVoting::test_no_consensus_detection PASSED  [ 64%]
test_phase2.py::TestRulesEngine::test_roi_validator_inclusion PASSED     [ 70%]
test_phase2.py::TestRulesEngine::test_roi_validator_exclusion PASSED     [ 76%]
test_phase2.py::TestRulesEngine::test_alert_generation FAILED            [ 82%]
test_phase2.py::TestRulesEngine::test_alert_severity_calculation PASSED  [ 88%]
test_phase2.py::TestDetectionStore::test_store_and_retrieve_detections FAILED [ 94%]
test_phase2.py::TestEndToEndPipeline::test_full_pipeline_mock FAILED     [100%]

================================== FAILURES ===================================
E   ValueError: At least one stride in the given numpy array is negative, and tensors with negative strides are not currently supported. (You can probably work around this by making a copy of your array  with array.copy().)
------------------------------ Captured log call ------------------------------
WARNING  workers.frcnn_rtdetr_detector:frcnn_rtdetr_detector.py:81 RT-DETR not available, using secondary Faster R-CNN instead
C:\Users\Operador\Desktop\Nico\cola-frames\workers\frcnn_rtdetr_detector.py:194: ValueError: At least one stride in the given numpy array is negative, and tensors with negative strides are not currently supported. (You can probably work around this by making a copy of your array  with array.copy().)
E   assert 0 == 1
     +  where 0 = len([])
------------------------------ Captured log call ------------------------------
ERROR    rules_engine.alert_generator:alert_generator.py:137 Failed to generate alerts: Error 10061 connecting to localhost:6379. No se puede establecer una conexi¾n ya que el equipo de destino deneg¾ expresamente dicha conexi¾n.
C:\Users\Operador\Desktop\Nico\cola-frames\test_phase2.py:389: assert 0 == 1
E   ConnectionRefusedError: [WinError 10061] No se puede establecer una conexi¾n ya que el equipo de destino deneg¾ expresamente dicha conexi¾n

During handling of the above exception, another exception occurred:
E   redis.exceptions.ConnectionError: Error 10061 connecting to localhost:6379. No se puede establecer una conexi¾n ya que el equipo de destino deneg¾ expresamente dicha conexi¾n.
------------------------------ Captured log call ------------------------------
ERROR    rules_engine.detection_store:detection_store.py:112 Failed to store detection: Error 10061 connecting to localhost:6379. No se puede establecer una conexi¾n ya que el equipo de destino deneg¾ expresamente dicha conexi¾n.
C:\Users\Operador\AppData\Local\Python\pythoncore-3.14-64\Lib\site-packages\redis\connection.py:363: redis.exceptions.ConnectionError: Error 10061 connecting to localhost:6379. No se puede establecer una conexi¾n ya que el equipo de destino deneg¾ expresamente dicha conexi¾n.
E   AssertionError: Should find consensus detections
    assert 0 > 0
     +  where 0 = len([])
C:\Users\Operador\Desktop\Nico\cola-frames\test_phase2.py:479: AssertionError: Should find consensus detections
============================== warnings summary ===============================
..\..\..\AppData\Local\Python\pythoncore-3.14-64\Lib\site-packages\torch\cuda\__init__.py:61
  C:\Users\Operador\AppData\Local\Python\pythoncore-3.14-64\Lib\site-packages\torch\cuda\__init__.py:61: FutureWarning: The pynvml package is deprecated. Please install nvidia-ml-py instead. If you did not install pynvml directly, please report this to the maintainers of the package that installed pynvml for you.
    import pynvml  # type: ignore[import]

test_phase2.py::TestDetectionWorkers::test_frcnn_rtdetr_detection
  C:\Users\Operador\Desktop\Nico\cola-frames\workers\frcnn_rtdetr_detector.py:191: FutureWarning: `torch.cuda.amp.autocast(args...)` is deprecated. Please use `torch.amp.autocast('cuda', args...)` instead.
    with autocast(enabled=self.use_fp16):

-- Docs: https://docs.pytest.org/en/stable/how-to/capture-warnings.html
=========================== short test summary info ===========================
FAILED test_phase2.py::TestDetectionWorkers::test_frcnn_rtdetr_detection - Va...
FAILED test_phase2.py::TestRulesEngine::test_alert_generation - assert 0 == 1
FAILED test_phase2.py::TestDetectionStore::test_store_and_retrieve_detections
FAILED test_phase2.py::TestEndToEndPipeline::test_full_pipeline_mock - Assert...
================== 4 failed, 13 passed, 2 warnings in 23.63s ==================
